2026-09-25T23:49:32+0200 RESTART-UTXOINDEX START recovery-watch 202264 killed (no auto recovery); RATE_MAX=0; mempool=42005; disk   38G; n0 appdir 62G
2026-09-25T23:51:44+0200 USER: target ~1k TPS; limits RATE_MAX=1000 (parent)
2026-09-25T23:51:49+0200 parent: reverted to RATE_MAX=0 (restart in progress); worker sets 1000 after n0 restart
2026-09-25T23:52:39+0200 n0 SIGINT for --utxoindex restart (storm halted 23:52:21 mempool 0; miners stopped 23:53; disk free 40.02G; appdir 66.08G)
2026-09-26T00:05:09+0200 DISK utxoindex resync at 10.7G, free 12.5G -> deleted /workspace/cargo-target (rc debug build) + cargo-target-master/debug/incremental
2026-09-26T00:11:17+0200 UTXOINDEX-WATCH n0 RPC up, watchdog exit (free 11G)
2026-09-26T00:11:34+0200 UTXOINDEX built: resync 23:52:41.9 -> 00:11:16.9 = 1115 s (18m35s), node offline (no RPC/P2P) the whole time; utxoindex dir 13.8G right after (pre-compaction); n0 now catching up (IBD from pruning point, ~19 min behind)
2026-09-26T00:13:40+0200 removed /tmp/tn10-break.STOP (monitor.py tripped n0_tip_age 375s at 00:11:44 during post-resync catch-up; n0 at tip since 00:11:52)
2026-09-26T00:14:28+0200 BURST-SCHEDULER start pid 477659 base=1000 max=60000 windows :10-:15 :40-:45
2026-09-26T00:14:28+0200 BURST START RATE_MAX=60000 mempool=186
2026-09-26T00:15:00+0200 BURST END RATE_MAX=1000 mempool=62845 burst_mp_max=83975
2026-09-26T00:15:12+0200 BURST DRAIN mempool 62845 -> 869 in 12.0 s (target 5000)
2026-09-26T00:15:24+0200 BURST-SCHEDULER stop (STOP file)
2026-09-26T00:15:24+0200 BURST-SCHEDULER DISABLED per user 00:14 (full throttle continuous). Only burst run: 00:14:28-00:15:00 (32 s, clipped) mp max 83,975, drain 62,845 -> 869 in 12.0 s after RATE_MAX 60000->1000. recovery-watch 477658 killed before supervisor HALT (would have fired on 'stopped').
2026-09-26T00:15:37+0200 FEE-10X supervisor HALT (workers exited in ~2 s with the token() fix) -> restarted pid 482030 FEE_MULT_P=10.0 (P tag fee 643000 sompi/tx = ~1000 sompi/g), limits '40000 60000 90000 60000', limits2 '40000 60000 70000 50000'; recovery-watch restarted pid 485802 (patched: ignores low offered during burst/mempool>40k)
2026-09-26T00:18:00+0200 FEE-10X before/after: BEFORE 1k baseline @2x: ~1,030 tx/s ours (P 1000 + H ~34), mempool <500; 2x burst (00:14:28-00:15:00): ~5.9k tx/s accepted, ~600 TKAS/min. AFTER 10x full throttle (00:16:00-00:17:24): accepted avg 6.0k tx/s (peaks 7.6k), network 4.6k-12.2k TPS (10s buckets), ~2,100 TKAS/min burn (vs ~490 TKAS/min at 2x full throttle 22:51), mempool max 67.4k.
2026-09-26T00:18:00+0200 RUNWAY @10x full throttle: funds 323.6k TKAS in P0-P7+H state (169.8k UTXOs) / 2.1-2.9k TKAS/min -> 110-150 min -> funds out ~02:10-02:45 CEST. DISK: 21 GB free (after deleting 9.4 GB debug build), ~9 GB transient for vprogs/ttt release builds (returned after), storm ~12-14 GB/h at 6-10k TPS incl. utxoindex -> supervisor disk taper 9.5->8.4 GB and pause at 8 GB around ~00:55-01:15 CEST -> DISK RUNS OUT FIRST; recovery-watch then fires RECOVERY-1 (RATE_MAX=0 + 15-min sampler).
2026-09-26T00:38:30+0200 FINDING storm-silent 00:32-00:38: monitor.py tripped mem guard (MemAvailable 753 MB < 1000 at 00:32:25, caused by 2 parallel release cargo builds + 10x full storm) and wrote /tmp/tn10-break.STOP. The STOP file is sticky (never auto-cleared) and rwstorm workers exit instantly while it exists; supervisor keeps respawning them and keeps logging the LAST accepted_tps (~2.3k) -> stale/bogus TPS in supervisor.jsonl for 00:32-00:38 (real: 0, n0 mempool 0, cpu ~10%). Same trap as 23:5x (tip-age). Guard worked as designed; the reporting is the bug. STOP file archived to logs/storm/tn10-break.STOP.0032.json.
2026-09-26T00:38:30+0200 USER 00:37 'vprogs full gusto NOW': storm -> 1k TPS background (limits '40000 60000 90000 1000', fee stays 10x), vprogs runners get priority on CPU/disk/RAM. If disk tight -> pause storm, never vprogs.
2026-09-26T00:39:00+0200 RESTART-UTXOINDEX END (backfilled): n0 SIGINT 23:52:39 (clean exit 1.5 s) -> pid 424709 +--utxoindex; utxoindex resync 23:52:41.9-00:11:16.9 = 1115 s, RPC+P2P down, no progress output; catch-up 35 s, tip 00:11:52; node downtime 1153 s; storm downtime 23:52:21-00:13:00; mempool lost 0 (drained first); disk 40G->~11G free during resync (utxoindex ~13.8G pre-compaction). Storm back @1k 00:13.
2026-09-26T00:39:00+0200 storm back at 1k bg, accepted 999 tx/s, mempool ~100-900
2026-09-26T00:48:21+02:00 ROUND3 vprogs full gusto: ttd lane 130597584 (exec, fresh, pid 640059), ttflow Init OK 00:43:21; ttloop-b 4 workers (keys16-19) + ttloop-c 8 workers (keys20-27, funded 20x5 TKAS from W5); gd-r1 release runner 16 issuers GD_FEE=priority ramp 20->40->80/s
2026-09-26T00:54:35+02:00 ROUND3 CONTENTION test: storm -> full throttle (RATE_MAX 60000, 10x fee) for ~8 min with gd-r1 (target 160/s, priority fee) + 12 ttloop workers running. Before (storm 1k bg): gd ~130-138 moves/s issued (CPU-bound, 8 cores load ~24), exec lat p50 2.4-3.2 s p90 3.2-4.0 s, 0 fails; ttloop b+c 306 games finished, 68 GAME_FAIL (UTXO reuse 'already spent'), 0 timeouts.
2026-09-26T00:58:46+02:00 ROUND3 CONTENTION results part1 (storm full 00:54:35-00:58:50, ~5.5k tx/s accepted ours, mempool 54-62k, fee est prio 4492 / normal 532 sompi/g): (a) ttloop: 0 games finished after 00:54:40; every step rejected 'already spent ... in the mempool' (ttflow Wallet fee = normal bucket 532 < storm 1000 sompi/g, previous step tx stays in mempool, next step reuses the same UTXO). (b) gd-r1 GD_FEE=priority kept going until issuers went broke: 56,145 moves in 11.5 min; priority fee jumped to ~4.5k sompi/g under the storm, 16 issuers drained from 60 to ~3-4 TKAS each -> fail_nofund from 00:55:40. (c) refunding issuers from W3 (Wallet normal fee) also stuck behind the storm. -> storm back to 1k bg 00:58:50 to refund, then contention part2 with GD_FEE=x2.
2026-09-26T01:01:26+02:00 ROUND3 CONTENTION part2: gd-r2 GD_FEE=x2 (2x normal bucket) 16 issuers target 80/s started 01:00:40 at 1k bg; storm -> FULL now; ttloop b/c still running
2026-09-26T01:10:00+0200 ROUND3 CONTENTION part2 done 01:06:52 (storm back to 1k). RESULTS own vprog (grok-deskfloor on vprogs master f9b84a8, release runner, 16 issuers, exec-only dev covenant):
2026-09-26T01:10:00+0200 ROUND3 continuous: gd-r3 GD_FEE=x2 60/s (pid 815095) + ttloop b/c (to ~01:35/01:37), storm 1k bg 10x fee.
