== ttflow scenario driver: lane=130597584 ==
2026-09-26 00:43:21.609+02:00 [INFO ] issuing Step 1: Init config
2026-09-26 00:43:21.611+02:00 [INFO ] Step 1 (Init) accepted: c627e8ff3c57b02abe33126e8420ca901b22b875fc78b0e61877a7148733d0e3
2026-09-26 00:43:23.613+02:00 [INFO ] issuing Step 2: Deposit Player A
2026-09-26 00:43:23.614+02:00 [INFO ] Step 2 (Deposit Player A) accepted: e424bba0e7cbc8d810c041b08cdfc9d7dbf7e71da9d415c8ac28d189753420de
2026-09-26 00:43:25.615+02:00 [INFO ] issuing Step 3: Deposit Player B
2026-09-26 00:43:25.616+02:00 [INFO ] Step 3 (Deposit Player B) accepted: 525619fac6c7eaa3f1ebfb42a32b77f310b58a956780c0800e8aabb6ae960b6b
2026-09-26 00:43:27.617+02:00 [INFO ] issuing Step 4: CreateGame
2026-09-26 00:43:27.618+02:00 [INFO ] Step 4 (CreateGame) accepted: ffd59531f2821cd76e4a2a045ec471a36d9911a2f126da24e65e54d637c900a6
2026-09-26 00:43:29.620+02:00 [INFO ] issuing Step 5: JoinGame
2026-09-26 00:43:29.622+02:00 [INFO ] Step 5 (JoinGame) accepted: b55e04b732f0ac5672430bd76465e22abbdf2e3f6b2f7e227c1ff3eb527e3b79
2026-09-26 00:43:31.623+02:00 [INFO ] issuing Step 6: Turn Player A (ply + precommits)
2026-09-26 00:43:31.624+02:00 [INFO ] Step 6 (Turn Player A) accepted: a2b7d5407509cb665e0ea935c9100333b8415321925ce4599b1cf5f5d5bfdfc8
2026-09-26 00:43:33.626+02:00 [INFO ] issuing Step 7: Turn Player B (ply + precommit, settle match)
2026-09-26 00:43:33.627+02:00 [INFO ] Step 7 (Turn Player B) accepted: a950e8deed1bd6a0f555e65dcae9c0a65fd6c1b3e2f44d1b1175e719e9d4be0f
2026-09-26 00:43:35.628+02:00 [INFO ] issuing Step 8: Withdraw pot and remainder
2026-09-26 00:43:35.631+02:00 [INFO ] Step 8 (Withdraw) accepted: 40777a2f6fd7307d49976713aa167ef0e33f984b290dd770d6770acf02870c0c
== ttflow scenario complete ==
Init tx:          c627e8ff3c57b02abe33126e8420ca901b22b875fc78b0e61877a7148733d0e3
Deposit A tx:     e424bba0e7cbc8d810c041b08cdfc9d7dbf7e71da9d415c8ac28d189753420de
Deposit B tx:     525619fac6c7eaa3f1ebfb42a32b77f310b58a956780c0800e8aabb6ae960b6b
CreateGame tx:    ffd59531f2821cd76e4a2a045ec471a36d9911a2f126da24e65e54d637c900a6
JoinGame tx:      b55e04b732f0ac5672430bd76465e22abbdf2e3f6b2f7e227c1ff3eb527e3b79
Turn A tx:        a2b7d5407509cb665e0ea935c9100333b8415321925ce4599b1cf5f5d5bfdfc8
Turn B tx:        a950e8deed1bd6a0f555e65dcae9c0a65fd6c1b3e2f44d1b1175e719e9d4be0f
Withdraw tx:      40777a2f6fd7307d49976713aa167ef0e33f984b290dd770d6770acf02870c0c
